// Jest Snapshot v1, https://goo.gl/fbAQLP

exports[`Render the page correctly Render correctly 1`] = `
<DocumentFragment>
  <div
    class="App"
    data-testid="App"
  >
    <div
      class="App"
    >
      <div
        id="init"
      >
        <h1
          class="app-title"
        >
          Welcome to the world of Comics
        </h1>
        <a
          href="/heroesList"
        >
          <button
            class="app-button"
            data-testid="home-button"
            type="submit"
          >
            Click Here
          </button>
        </a>
      </div>
    </div>
  </div>
</DocumentFragment>
`;
